The command has indeed failed with message:
Tactic failure: iDeexHyp: "foo" not found.
The command has indeed failed with message:
Tactic failure: iExact: "HP" not found.
"test_parse_ascii"
     : string
1 goal
  
  PROP : bi
  Haffine : BiAffine PROP
  P1, P2 : PROP
  ============================
  "%Hwf" ∷ False ∗ "#H1" ∷ (□ P1 ∧ P2) ∗ "H2" ∷ P2 -∗
  "%Hwf" ∷ False ∗ "#H1" ∷ P1 ∗ "H2" ∷ P2
"test_monpred_named"
     : string
1 goal
  
  PROP : bi
  Haffine : BiAffine PROP
  I : biIndex
  P1 : PROP
  P2 : monPred I PROP
  i : I
  ============================
  --------------------------------------∗
  "H1" ∷ P1 ∗ "H2" ∷ P2 i -∗ P1 ∗ P2 i
"test_suffix"
     : string
1 goal
  
  PROP : bi
  Haffine : BiAffine PROP
  P : PROP
  φ : Prop
  ============================
  "H1foo" : P
  "H2foo" : □ P
  "H3foo" : ⌜φ⌝
  --------------------------------------∗
  P ∗ □ P ∗ ⌜φ⌝
"test_neg_suffix_complex"
     : string
1 goal
  
  PROP : bi
  Haffine : BiAffine PROP
  P : PROP
  φ : Prop
  H2 : φ
  ============================
  "H1" : P
  --------------------------------------∗
  P ∗ ⌜φ⌝
